
=== Class-IL run (CE training / softmax evaluation) ===

--- Training Task 1 ---
Epoch: 1 ======== Loss: 0.21227894723415375
Epoch: 2 ======== Loss: 0.029351025819778442
Epoch: 3 ======== Loss: 0.01886332780122757
Epoch: 4 ======== Loss: 0.01455081719905138
Epoch: 5 ======== Loss: 0.012136885896325111
Epoch: 6 ======== Loss: 0.01056626532226801
Epoch: 7 ======== Loss: 0.009450498968362808
Epoch: 8 ======== Loss: 0.008608350530266762
Epoch: 9 ======== Loss: 0.007946341298520565
Epoch: 10 ======== Loss: 0.007408528123050928
Epoch: 11 ======== Loss: 0.006959575694054365
Epoch: 12 ======== Loss: 0.0065773604437708855
=== Class-IL run (CE training / softmax evaluation) ===

--- Training Task 1 ---
Epoch: 1 ======== Loss: 0.21227894723415375
Epoch: 2 ======== Loss: 0.029351025819778442
Epoch: 3 ======== Loss: 0.01886332780122757
Epoch: 4 ======== Loss: 0.01455081719905138
Epoch: 5 ======== Loss: 0.012136885896325111
Epoch: 6 ======== Loss: 0.01056626532226801
Epoch: 7 ======== Loss: 0.009450498968362808
Epoch: 8 ======== Loss: 0.008608350530266762
Epoch: 9 ======== Loss: 0.007946341298520565
Epoch: 10 ======== Loss: 0.007408528123050928
Epoch: 11 ======== Loss: 0.006959575694054365
Epoch: 12 ======== Loss: 0.0065773604437708855
Epoch: 13 ======== Loss: 0.006247134413570166
Epoch: 14 ======== Loss: 0.005957813933491707
Epoch: 15 ======== Loss: 0.00570148229598999
Epoch: 16 ======== Loss: 0.005472453776746988
Epoch: 17 ======== Loss: 0.0052659232169389725
Epoch: 18 ======== Loss: 0.00507873622700572
Epoch: 19 ======== Loss: 0.004907766357064247
Epoch: 20 ======== Loss: 0.004750463645905256
Epoch: 21 ======== Loss: 0.004605187568813562
Epoch: 22 ======== Loss: 0.004470083396881819
Epoch: 23 ======== Loss: 0.004343953914940357
Epoch: 24 ======== Loss: 0.004225885029882193
Epoch: 25 ======== Loss: 0.004114815965294838
  Task 1 -> Class-IL: 99.95% (NLL 0.003)
  Task 2 -> Class-IL: 0.00% (NLL 11.028)
  Task 3 -> Class-IL: 0.00% (NLL 9.579)
  Task 4 -> Class-IL: 0.00% (NLL 9.830)
  Task 5 -> Class-IL: 0.00% (NLL 10.656)

--- Training Task 2 ---
Epoch: 1 ======== Loss: 0.5763530731201172
Epoch: 2 ======== Loss: 0.143751323223114
Epoch: 3 ======== Loss: 0.11538660526275635
Epoch: 4 ======== Loss: 0.10168300569057465
Epoch: 5 ======== Loss: 0.09314892441034317
Epoch: 6 ======== Loss: 0.08710307627916336
Epoch: 7 ======== Loss: 0.0824473574757576
Epoch: 8 ======== Loss: 0.07865388691425323
Epoch: 9 ======== Loss: 0.07544168084859848
Epoch: 10 ======== Loss: 0.07264578342437744
Epoch: 11 ======== Loss: 0.07016211748123169
Epoch: 12 ======== Loss: 0.06790842860937119
Epoch: 13 ======== Loss: 0.06582976877689362
Epoch: 14 ======== Loss: 0.06389012932777405
Epoch: 15 ======== Loss: 0.062068451195955276
Epoch: 16 ======== Loss: 0.060341544449329376
Epoch: 17 ======== Loss: 0.05869721248745918
Epoch: 18 ======== Loss: 0.057127512991428375
Epoch: 19 ======== Loss: 0.05562291294336319
Epoch: 20 ======== Loss: 0.0541815459728241
Epoch: 21 ======== Loss: 0.052797961980104446
Epoch: 22 ======== Loss: 0.051460348069667816
Epoch: 23 ======== Loss: 0.05017198249697685
Epoch: 24 ======== Loss: 0.04893143102526665
Epoch: 25 ======== Loss: 0.04772995412349701
  Task 1 -> Class-IL: 0.00% (NLL 5.758)
  Task 2 -> Class-IL: 98.48% (NLL 0.043)
  Task 3 -> Class-IL: 0.00% (NLL 11.140)
  Task 4 -> Class-IL: 0.00% (NLL 11.700)
  Task 5 -> Class-IL: 0.00% (NLL 12.315)

--- Training Task 3 ---
Epoch: 1 ======== Loss: 0.605039656162262
Epoch: 2 ======== Loss: 0.09896621853113174
Epoch: 3 ======== Loss: 0.06767567247152328
Epoch: 4 ======== Loss: 0.053891923278570175
Epoch: 5 ======== Loss: 0.04606013000011444
Epoch: 6 ======== Loss: 0.04095851257443428
Epoch: 7 ======== Loss: 0.03732839971780777
Epoch: 8 ======== Loss: 0.03457343205809593
Epoch: 9 ======== Loss: 0.03238755092024803
Epoch: 10 ======== Loss: 0.030592506751418114
Epoch: 11 ======== Loss: 0.029075603932142258
Epoch: 12 ======== Loss: 0.027763739228248596
Epoch: 13 ======== Loss: 0.026608094573020935
Epoch: 14 ======== Loss: 0.02557581663131714
Epoch: 15 ======== Loss: 0.02464388683438301
Epoch: 16 ======== Loss: 0.023794766515493393
Epoch: 17 ======== Loss: 0.023013366386294365
Epoch: 18 ======== Loss: 0.022287972271442413
Epoch: 19 ======== Loss: 0.021610528230667114
Epoch: 20 ======== Loss: 0.020974423736333847
Epoch: 21 ======== Loss: 0.02037539891898632
Epoch: 22 ======== Loss: 0.01980794221162796
Epoch: 23 ======== Loss: 0.01926996186375618
Epoch: 24 ======== Loss: 0.018758317455649376
Epoch: 25 ======== Loss: 0.018270183354616165
  Task 1 -> Class-IL: 0.00% (NLL 9.004)
  Task 2 -> Class-IL: 0.00% (NLL 10.960)
  Task 3 -> Class-IL: 99.63% (NLL 0.015)
  Task 4 -> Class-IL: 0.00% (NLL 13.300)
  Task 5 -> Class-IL: 0.00% (NLL 15.337)

--- Training Task 4 ---
Epoch: 1 ======== Loss: 0.5163788199424744
Epoch: 2 ======== Loss: 0.039727047085762024
Epoch: 3 ======== Loss: 0.02522682584822178
Epoch: 4 ======== Loss: 0.019159359857439995
Epoch: 5 ======== Loss: 0.015764018520712852
Epoch: 6 ======== Loss: 0.013568484224379063
Epoch: 7 ======== Loss: 0.012018882669508457
Epoch: 8 ======== Loss: 0.010858127847313881
Epoch: 9 ======== Loss: 0.009950815699994564
Epoch: 10 ======== Loss: 0.009218369610607624
Epoch: 11 ======== Loss: 0.008611718192696571
Epoch: 12 ======== Loss: 0.008098501712083817
Epoch: 13 ======== Loss: 0.007657094858586788
Epoch: 14 ======== Loss: 0.007272639311850071
Epoch: 15 ======== Loss: 0.006933770142495632
Epoch: 16 ======== Loss: 0.006632287986576557
Epoch: 17 ======== Loss: 0.006361018400639296
Epoch: 18 ======== Loss: 0.0061156172305345535
Epoch: 19 ======== Loss: 0.005891971755772829
Epoch: 20 ======== Loss: 0.005687168333679438
Epoch: 21 ======== Loss: 0.00549855874851346
Epoch: 22 ======== Loss: 0.005323782563209534
Epoch: 23 ======== Loss: 0.005161491688340902
Epoch: 24 ======== Loss: 0.005010215565562248
Epoch: 25 ======== Loss: 0.004868476185947657
  Task 1 -> Class-IL: 0.00% (NLL 7.540)
  Task 2 -> Class-IL: 0.00% (NLL 10.958)
  Task 3 -> Class-IL: 0.00% (NLL 7.689)
  Task 4 -> Class-IL: 99.65% (NLL 0.010)
  Task 5 -> Class-IL: 0.00% (NLL 15.040)

--- Training Task 5 ---
Epoch: 1 ======== Loss: 0.54588782787323
Epoch: 2 ======== Loss: 0.10255398601293564
Epoch: 3 ======== Loss: 0.08394545316696167
Epoch: 4 ======== Loss: 0.07389463484287262
Epoch: 5 ======== Loss: 0.06720342487096786
Epoch: 6 ======== Loss: 0.06230073794722557
Epoch: 7 ======== Loss: 0.058469802141189575
Epoch: 8 ======== Loss: 0.05533185601234436
Epoch: 9 ======== Loss: 0.052687060087919235
Epoch: 10 ======== Loss: 0.05040771886706352
Epoch: 11 ======== Loss: 0.04839900881052017
Epoch: 12 ======== Loss: 0.04659605398774147
Epoch: 13 ======== Loss: 0.04496603459119797
Epoch: 14 ======== Loss: 0.04348382353782654
Epoch: 15 ======== Loss: 0.04212320223450661
Epoch: 16 ======== Loss: 0.04086372256278992
Epoch: 17 ======== Loss: 0.039688367396593094
Epoch: 18 ======== Loss: 0.038586754351854324
Epoch: 19 ======== Loss: 0.03755427524447441
Epoch: 20 ======== Loss: 0.03657877817749977
Epoch: 21 ======== Loss: 0.03565632179379463
Epoch: 22 ======== Loss: 0.03478314355015755
Epoch: 23 ======== Loss: 0.03395000100135803
Epoch: 24 ======== Loss: 0.03315617889165878
Epoch: 25 ======== Loss: 0.03240090236067772
  Task 1 -> Class-IL: 0.00% (NLL 7.632)
  Task 2 -> Class-IL: 0.00% (NLL 11.618)
  Task 3 -> Class-IL: 0.00% (NLL 9.430)
  Task 4 -> Class-IL: 0.00% (NLL 7.058)
  Task 5 -> Class-IL: 98.29% (NLL 0.040)

=== Task-IL run (BCE training / sigmoid evaluation) ===

--- Training Task 1 ---
Epoch: 1 ======== Loss: 0.22882473468780518
Epoch: 2 ======== Loss: 0.06451127678155899
Epoch: 3 ======== Loss: 0.03682687506079674
Epoch: 4 ======== Loss: 0.026273677125573158
Epoch: 5 ======== Loss: 0.02079307846724987
Epoch: 6 ======== Loss: 0.017445888370275497
Epoch: 7 ======== Loss: 0.015187517739832401
Epoch: 8 ======== Loss: 0.013555927202105522
Epoch: 9 ======== Loss: 0.012318371795117855
Epoch: 10 ======== Loss: 0.011344020254909992
Epoch: 11 ======== Loss: 0.01055507268756628
Epoch: 12 ======== Loss: 0.009901589713990688
Epoch: 13 ======== Loss: 0.009349629282951355
Epoch: 14 ======== Loss: 0.008875759318470955
Epoch: 15 ======== Loss: 0.008463754318654537
Epoch: 16 ======== Loss: 0.0081017529591918
Epoch: 17 ======== Loss: 0.007780285552144051
Epoch: 18 ======== Loss: 0.007492701523005962
Epoch: 19 ======== Loss: 0.00723333191126585
Epoch: 20 ======== Loss: 0.006997778546065092
Epoch: 21 ======== Loss: 0.006782825104892254
Epoch: 22 ======== Loss: 0.006585926283150911
Epoch: 23 ======== Loss: 0.006404545623809099
Epoch: 24 ======== Loss: 0.006236543878912926
Epoch: 25 ======== Loss: 0.00608059111982584
  Task 1 -> Task-IL: 99.91% (NLL 0.002)
  Task 2 -> Task-IL: 60.38% (NLL 0.656)
  Task 3 -> Task-IL: 57.63% (NLL 0.670)
  Task 4 -> Task-IL: 47.48% (NLL 1.109)
  Task 5 -> Task-IL: 51.59% (NLL 0.777)

--- Training Task 2 ---
Epoch: 1 ======== Loss: 0.41918396949768066
Epoch: 2 ======== Loss: 0.21689727902412415
Epoch: 3 ======== Loss: 0.15952199697494507
Epoch: 4 ======== Loss: 0.13414745032787323
Epoch: 5 ======== Loss: 0.11962758749723434
Epoch: 6 ======== Loss: 0.11008100211620331
Epoch: 7 ======== Loss: 0.10324445366859436
Epoch: 8 ======== Loss: 0.09804245084524155
Epoch: 9 ======== Loss: 0.09390545636415482
Epoch: 10 ======== Loss: 0.09050531685352325
Epoch: 11 ======== Loss: 0.0876261293888092
Epoch: 12 ======== Loss: 0.08513738960027695
Epoch: 13 ======== Loss: 0.08294618129730225
Epoch: 14 ======== Loss: 0.08098354190587997
Epoch: 15 ======== Loss: 0.07920730113983154
Epoch: 16 ======== Loss: 0.07758109271526337
Epoch: 17 ======== Loss: 0.07607414573431015
Epoch: 18 ======== Loss: 0.07466655224561691
Epoch: 19 ======== Loss: 0.07334233075380325
Epoch: 20 ======== Loss: 0.07209107279777527
Epoch: 21 ======== Loss: 0.07089420408010483
Epoch: 22 ======== Loss: 0.06974680721759796
Epoch: 23 ======== Loss: 0.06864745169878006
Epoch: 24 ======== Loss: 0.06758533418178558
Epoch: 25 ======== Loss: 0.06656301021575928
  Task 1 -> Task-IL: 99.91% (NLL 0.002)
  Task 2 -> Task-IL: 97.99% (NLL 0.060)
  Task 3 -> Task-IL: 64.25% (NLL 0.643)
  Task 4 -> Task-IL: 53.88% (NLL 0.867)
  Task 5 -> Task-IL: 50.88% (NLL 1.145)

--- Training Task 3 ---
Epoch: 1 ======== Loss: 0.3852083384990692
Epoch: 2 ======== Loss: 0.18616242706775665
Epoch: 3 ======== Loss: 0.12318062782287598
Epoch: 4 ======== Loss: 0.0931362509727478
Epoch: 5 ======== Loss: 0.07602573186159134
Epoch: 6 ======== Loss: 0.06513193994760513
Epoch: 7 ======== Loss: 0.05764804035425186
Epoch: 8 ======== Loss: 0.05220597982406616
Epoch: 9 ======== Loss: 0.048072244971990585
Epoch: 10 ======== Loss: 0.044825080782175064
Epoch: 11 ======== Loss: 0.04220101237297058
Epoch: 12 ======== Loss: 0.04003160446882248
Epoch: 13 ======== Loss: 0.038200944662094116
Epoch: 14 ======== Loss: 0.03663072735071182
Epoch: 15 ======== Loss: 0.0352630689740181
Epoch: 16 ======== Loss: 0.034056875854730606
Epoch: 17 ======== Loss: 0.03298013284802437
Epoch: 18 ======== Loss: 0.032010518014431
Epoch: 19 ======== Loss: 0.031129563227295876
Epoch: 20 ======== Loss: 0.030322929844260216
Epoch: 21 ======== Loss: 0.029579922556877136
Epoch: 22 ======== Loss: 0.028889881446957588
Epoch: 23 ======== Loss: 0.028245914727449417
Epoch: 24 ======== Loss: 0.027641931548714638
Epoch: 25 ======== Loss: 0.0270729660987854
  Task 1 -> Task-IL: 99.91% (NLL 0.002)
  Task 2 -> Task-IL: 96.82% (NLL 0.103)
  Task 3 -> Task-IL: 99.25% (NLL 0.017)
  Task 4 -> Task-IL: 52.77% (NLL 1.005)
  Task 5 -> Task-IL: 50.88% (NLL 1.266)

--- Training Task 4 ---
Epoch: 1 ======== Loss: 0.2505664527416229
Epoch: 2 ======== Loss: 0.0709540843963623
Epoch: 3 ======== Loss: 0.042620036751031876
Epoch: 4 ======== Loss: 0.03112969361245632
Epoch: 5 ======== Loss: 0.02491067349910736
Epoch: 6 ======== Loss: 0.021006731316447258
Epoch: 7 ======== Loss: 0.0183224156498909
Epoch: 8 ======== Loss: 0.016356969252228737
Epoch: 9 ======== Loss: 0.014850689098238945
Epoch: 10 ======== Loss: 0.013656998053193092
Epoch: 11 ======== Loss: 0.012685039080679417
Epoch: 12 ======== Loss: 0.011876974254846573
Epoch: 13 ======== Loss: 0.011193366721272469
Epoch: 14 ======== Loss: 0.010606295429170132
Epoch: 15 ======== Loss: 0.010095891542732716
Epoch: 16 ======== Loss: 0.009647375904023647
Epoch: 17 ======== Loss: 0.009249321185052395
Epoch: 18 ======== Loss: 0.008892913348972797
Epoch: 19 ======== Loss: 0.00857190415263176
Epoch: 20 ======== Loss: 0.008280882611870766
Epoch: 21 ======== Loss: 0.0080155273899436
Epoch: 22 ======== Loss: 0.00777227571234107
Epoch: 23 ======== Loss: 0.007548307068645954
Epoch: 24 ======== Loss: 0.007341182790696621
Epoch: 25 ======== Loss: 0.007148968521505594
  Task 1 -> Task-IL: 99.81% (NLL 0.002)
  Task 2 -> Task-IL: 96.62% (NLL 0.121)
  Task 3 -> Task-IL: 99.20% (NLL 0.019)
  Task 4 -> Task-IL: 99.55% (NLL 0.010)
  Task 5 -> Task-IL: 50.88% (NLL 1.633)

--- Training Task 5 ---
Epoch: 1 ======== Loss: 0.265602171421051
Epoch: 2 ======== Loss: 0.13235484063625336
Epoch: 3 ======== Loss: 0.10851976275444031
Epoch: 4 ======== Loss: 0.09621606022119522
Epoch: 5 ======== Loss: 0.0880480408668518
Epoch: 6 ======== Loss: 0.08200761675834656
Epoch: 7 ======== Loss: 0.07728206366300583
Epoch: 8 ======== Loss: 0.07344883680343628
Epoch: 9 ======== Loss: 0.07025233656167984
Epoch: 10 ======== Loss: 0.06753120571374893
Epoch: 11 ======== Loss: 0.06517506390810013
Epoch: 12 ======== Loss: 0.06310813874006271
Epoch: 13 ======== Loss: 0.061266157776117325
Epoch: 14 ======== Loss: 0.05960588529706001
Epoch: 15 ======== Loss: 0.05809295177459717
Epoch: 16 ======== Loss: 0.056706931442022324
Epoch: 17 ======== Loss: 0.05542858690023422
Epoch: 18 ======== Loss: 0.05424141883850098
Epoch: 19 ======== Loss: 0.05313305929303169
Epoch: 20 ======== Loss: 0.05209440365433693
Epoch: 21 ======== Loss: 0.05111690238118172
Epoch: 22 ======== Loss: 0.050193484872579575
Epoch: 23 ======== Loss: 0.04931812360882759
Epoch: 24 ======== Loss: 0.04848615452647209
Epoch: 25 ======== Loss: 0.04769231006503105
  Task 1 -> Task-IL: 99.91% (NLL 0.002)
  Task 2 -> Task-IL: 97.01% (NLL 0.107)
  Task 3 -> Task-IL: 99.20% (NLL 0.020)
  Task 4 -> Task-IL: 99.35% (NLL 0.014)
  Task 5 -> Task-IL: 98.13% (NLL 0.070)

=== naive ===
Task-IL  | ACC: 0.9872 | NLL: 0.0428 | BWT: -0.0031 | FWT: 0.0796 | Forgetting: 0.0031
           NLL-space | BWT: -0.0135 | BWT(best): -0.0137 | FWT: -0.2387 | Forgetting: 0.0137
           per-task NLL: 0.0021, 0.1073, 0.0204, 0.0144, 0.0697
           BCE-NLL avg: 0.0710 | per-task: 0.0064, 0.1614, 0.0454, 0.0282, 0.1134
Class-IL | ACC: 0.1966 | NLL: 7.1557 | BWT: -0.9943 | FWT: -0.1552 | Forgetting: 0.9943
           NLL-space | BWT: -8.9168 | BWT(best): -8.9168 | FWT: -10.3470 | Forgetting: 8.9168
           per-task NLL: 7.6323, 11.6179, 9.4295, 7.0582, 0.0405
Logs saved in results/naive
Plots saved in results/naive/plots

Epoch: 13 ======== Loss: 0.006247134413570166
Epoch: 14 ======== Loss: 0.005957813933491707
Epoch: 15 ======== Loss: 0.00570148229598999
Epoch: 16 ======== Loss: 0.005472453776746988
Epoch: 17 ======== Loss: 0.0052659232169389725
Epoch: 18 ======== Loss: 0.00507873622700572
Epoch: 19 ======== Loss: 0.004907766357064247
Epoch: 20 ======== Loss: 0.004750463645905256
Epoch: 21 ======== Loss: 0.004605187568813562
Epoch: 22 ======== Loss: 0.004470083396881819
Epoch: 23 ======== Loss: 0.004343953914940357
Epoch: 24 ======== Loss: 0.004225885029882193
Epoch: 25 ======== Loss: 0.004114815965294838
  Task 1 -> Class-IL: 99.95% (NLL 0.003)
  Task 2 -> Class-IL: 0.00% (NLL 11.028)
  Task 3 -> Class-IL: 0.00% (NLL 9.579)
  Task 4 -> Class-IL: 0.00% (NLL 9.830)
  Task 5 -> Class-IL: 0.00% (NLL 10.656)

--- Training Task 2 ---
Epoch: 1 ======== Loss: 0.5763530731201172
Epoch: 2 ======== Loss: 0.143751323223114
Epoch: 3 ======== Loss: 0.11538660526275635
Epoch: 4 ======== Loss: 0.10168300569057465
Epoch: 5 ======== Loss: 0.09314892441034317
Epoch: 6 ======== Loss: 0.08710307627916336
Epoch: 7 ======== Loss: 0.0824473574757576
Epoch: 8 ======== Loss: 0.07865388691425323
Epoch: 9 ======== Loss: 0.07544168084859848
Epoch: 10 ======== Loss: 0.07264578342437744
Epoch: 11 ======== Loss: 0.07016211748123169
Epoch: 12 ======== Loss: 0.06790842860937119
Epoch: 13 ======== Loss: 0.06582976877689362
Epoch: 14 ======== Loss: 0.06389012932777405
Epoch: 15 ======== Loss: 0.062068451195955276
Epoch: 16 ======== Loss: 0.060341544449329376
Epoch: 17 ======== Loss: 0.05869721248745918
Epoch: 18 ======== Loss: 0.057127512991428375
Epoch: 19 ======== Loss: 0.05562291294336319
Epoch: 20 ======== Loss: 0.0541815459728241
Epoch: 21 ======== Loss: 0.052797961980104446
Epoch: 22 ======== Loss: 0.051460348069667816
Epoch: 23 ======== Loss: 0.05017198249697685
Epoch: 24 ======== Loss: 0.04893143102526665
Epoch: 25 ======== Loss: 0.04772995412349701
  Task 1 -> Class-IL: 0.00% (NLL 5.758)
  Task 2 -> Class-IL: 98.48% (NLL 0.043)
  Task 3 -> Class-IL: 0.00% (NLL 11.140)
  Task 4 -> Class-IL: 0.00% (NLL 11.700)
  Task 5 -> Class-IL: 0.00% (NLL 12.315)

--- Training Task 3 ---
Epoch: 1 ======== Loss: 0.605039656162262
Epoch: 2 ======== Loss: 0.09896621853113174
Epoch: 3 ======== Loss: 0.06767567247152328
Epoch: 4 ======== Loss: 0.053891923278570175
Epoch: 5 ======== Loss: 0.04606013000011444
Epoch: 6 ======== Loss: 0.04095851257443428
Epoch: 7 ======== Loss: 0.03732839971780777
Epoch: 8 ======== Loss: 0.03457343205809593
Epoch: 9 ======== Loss: 0.03238755092024803
Epoch: 10 ======== Loss: 0.030592506751418114
Epoch: 11 ======== Loss: 0.029075603932142258
Epoch: 12 ======== Loss: 0.027763739228248596
Epoch: 13 ======== Loss: 0.026608094573020935
Epoch: 14 ======== Loss: 0.02557581663131714
Epoch: 15 ======== Loss: 0.02464388683438301
Epoch: 16 ======== Loss: 0.023794766515493393
Epoch: 17 ======== Loss: 0.023013366386294365
Epoch: 18 ======== Loss: 0.022287972271442413
Epoch: 19 ======== Loss: 0.021610528230667114
Epoch: 20 ======== Loss: 0.020974423736333847
Epoch: 21 ======== Loss: 0.02037539891898632
Epoch: 22 ======== Loss: 0.01980794221162796
Epoch: 23 ======== Loss: 0.01926996186375618
Epoch: 24 ======== Loss: 0.018758317455649376
Epoch: 25 ======== Loss: 0.018270183354616165
  Task 1 -> Class-IL: 0.00% (NLL 9.004)
  Task 2 -> Class-IL: 0.00% (NLL 10.960)
  Task 3 -> Class-IL: 99.63% (NLL 0.015)
  Task 4 -> Class-IL: 0.00% (NLL 13.300)
  Task 5 -> Class-IL: 0.00% (NLL 15.337)

--- Training Task 4 ---
Epoch: 1 ======== Loss: 0.5163788199424744
Epoch: 2 ======== Loss: 0.039727047085762024
Epoch: 3 ======== Loss: 0.02522682584822178
Epoch: 4 ======== Loss: 0.019159359857439995
Epoch: 5 ======== Loss: 0.015764018520712852
Epoch: 6 ======== Loss: 0.013568484224379063
Epoch: 7 ======== Loss: 0.012018882669508457
Epoch: 8 ======== Loss: 0.010858127847313881
Epoch: 9 ======== Loss: 0.009950815699994564
Epoch: 10 ======== Loss: 0.009218369610607624
Epoch: 11 ======== Loss: 0.008611718192696571
Epoch: 12 ======== Loss: 0.008098501712083817
Epoch: 13 ======== Loss: 0.007657094858586788
Epoch: 14 ======== Loss: 0.007272639311850071
Epoch: 15 ======== Loss: 0.006933770142495632
Epoch: 16 ======== Loss: 0.006632287986576557
Epoch: 17 ======== Loss: 0.006361018400639296
Epoch: 18 ======== Loss: 0.0061156172305345535
Epoch: 19 ======== Loss: 0.005891971755772829
Epoch: 20 ======== Loss: 0.005687168333679438
Epoch: 21 ======== Loss: 0.00549855874851346
Epoch: 22 ======== Loss: 0.005323782563209534
Epoch: 23 ======== Loss: 0.005161491688340902
Epoch: 24 ======== Loss: 0.005010215565562248
Epoch: 25 ======== Loss: 0.004868476185947657
  Task 1 -> Class-IL: 0.00% (NLL 7.540)
  Task 2 -> Class-IL: 0.00% (NLL 10.958)
  Task 3 -> Class-IL: 0.00% (NLL 7.689)
  Task 4 -> Class-IL: 99.65% (NLL 0.010)
  Task 5 -> Class-IL: 0.00% (NLL 15.040)

--- Training Task 5 ---
Epoch: 1 ======== Loss: 0.54588782787323
Epoch: 2 ======== Loss: 0.10255398601293564
Epoch: 3 ======== Loss: 0.08394545316696167
Epoch: 4 ======== Loss: 0.07389463484287262
Epoch: 5 ======== Loss: 0.06720342487096786
Epoch: 6 ======== Loss: 0.06230073794722557
Epoch: 7 ======== Loss: 0.058469802141189575
Epoch: 8 ======== Loss: 0.05533185601234436
Epoch: 9 ======== Loss: 0.052687060087919235
Epoch: 10 ======== Loss: 0.05040771886706352
Epoch: 11 ======== Loss: 0.04839900881052017
Epoch: 12 ======== Loss: 0.04659605398774147
Epoch: 13 ======== Loss: 0.04496603459119797
Epoch: 14 ======== Loss: 0.04348382353782654
Epoch: 15 ======== Loss: 0.04212320223450661
Epoch: 16 ======== Loss: 0.04086372256278992
Epoch: 17 ======== Loss: 0.039688367396593094
Epoch: 18 ======== Loss: 0.038586754351854324
Epoch: 19 ======== Loss: 0.03755427524447441
Epoch: 20 ======== Loss: 0.03657877817749977
Epoch: 21 ======== Loss: 0.03565632179379463
Epoch: 22 ======== Loss: 0.03478314355015755
Epoch: 23 ======== Loss: 0.03395000100135803
Epoch: 24 ======== Loss: 0.03315617889165878
Epoch: 25 ======== Loss: 0.03240090236067772
  Task 1 -> Class-IL: 0.00% (NLL 7.632)
  Task 2 -> Class-IL: 0.00% (NLL 11.618)
  Task 3 -> Class-IL: 0.00% (NLL 9.430)
  Task 4 -> Class-IL: 0.00% (NLL 7.058)
  Task 5 -> Class-IL: 98.29% (NLL 0.040)

=== Task-IL run (BCE training / sigmoid evaluation) ===

--- Training Task 1 ---
Epoch: 1 ======== Loss: 0.22882473468780518
Epoch: 2 ======== Loss: 0.06451127678155899
Epoch: 3 ======== Loss: 0.03682687506079674
Epoch: 4 ======== Loss: 0.026273677125573158
Epoch: 5 ======== Loss: 0.02079307846724987
Epoch: 6 ======== Loss: 0.017445888370275497
Epoch: 7 ======== Loss: 0.015187517739832401
Epoch: 8 ======== Loss: 0.013555927202105522
Epoch: 9 ======== Loss: 0.012318371795117855
Epoch: 10 ======== Loss: 0.011344020254909992
Epoch: 11 ======== Loss: 0.01055507268756628
Epoch: 12 ======== Loss: 0.009901589713990688
Epoch: 13 ======== Loss: 0.009349629282951355
Epoch: 14 ======== Loss: 0.008875759318470955
Epoch: 15 ======== Loss: 0.008463754318654537
Epoch: 16 ======== Loss: 0.0081017529591918
Epoch: 17 ======== Loss: 0.007780285552144051
Epoch: 18 ======== Loss: 0.007492701523005962
Epoch: 19 ======== Loss: 0.00723333191126585
Epoch: 20 ======== Loss: 0.006997778546065092
Epoch: 21 ======== Loss: 0.006782825104892254
Epoch: 22 ======== Loss: 0.006585926283150911
Epoch: 23 ======== Loss: 0.006404545623809099
Epoch: 24 ======== Loss: 0.006236543878912926
Epoch: 25 ======== Loss: 0.00608059111982584
  Task 1 -> Task-IL: 99.91% (NLL 0.002)
  Task 2 -> Task-IL: 60.38% (NLL 0.656)
  Task 3 -> Task-IL: 57.63% (NLL 0.670)
  Task 4 -> Task-IL: 47.48% (NLL 1.109)
  Task 5 -> Task-IL: 51.59% (NLL 0.777)

--- Training Task 2 ---
Epoch: 1 ======== Loss: 0.41918396949768066
Epoch: 2 ======== Loss: 0.21689727902412415
Epoch: 3 ======== Loss: 0.15952199697494507
Epoch: 4 ======== Loss: 0.13414745032787323
Epoch: 5 ======== Loss: 0.11962758749723434
Epoch: 6 ======== Loss: 0.11008100211620331
Epoch: 7 ======== Loss: 0.10324445366859436
Epoch: 8 ======== Loss: 0.09804245084524155
Epoch: 9 ======== Loss: 0.09390545636415482
Epoch: 10 ======== Loss: 0.09050531685352325
Epoch: 11 ======== Loss: 0.0876261293888092
Epoch: 12 ======== Loss: 0.08513738960027695
Epoch: 13 ======== Loss: 0.08294618129730225
Epoch: 14 ======== Loss: 0.08098354190587997
Epoch: 15 ======== Loss: 0.07920730113983154
Epoch: 16 ======== Loss: 0.07758109271526337
Epoch: 17 ======== Loss: 0.07607414573431015
Epoch: 18 ======== Loss: 0.07466655224561691
Epoch: 19 ======== Loss: 0.07334233075380325
Epoch: 20 ======== Loss: 0.07209107279777527
Epoch: 21 ======== Loss: 0.07089420408010483
Epoch: 22 ======== Loss: 0.06974680721759796
Epoch: 23 ======== Loss: 0.06864745169878006
Epoch: 24 ======== Loss: 0.06758533418178558
Epoch: 25 ======== Loss: 0.06656301021575928
  Task 1 -> Task-IL: 99.91% (NLL 0.002)
  Task 2 -> Task-IL: 97.99% (NLL 0.060)
  Task 3 -> Task-IL: 64.25% (NLL 0.643)
  Task 4 -> Task-IL: 53.88% (NLL 0.867)
  Task 5 -> Task-IL: 50.88% (NLL 1.145)

--- Training Task 3 ---
Epoch: 1 ======== Loss: 0.3852083384990692
Epoch: 2 ======== Loss: 0.18616242706775665
Epoch: 3 ======== Loss: 0.12318062782287598
Epoch: 4 ======== Loss: 0.0931362509727478
Epoch: 5 ======== Loss: 0.07602573186159134
Epoch: 6 ======== Loss: 0.06513193994760513
Epoch: 7 ======== Loss: 0.05764804035425186
Epoch: 8 ======== Loss: 0.05220597982406616
Epoch: 9 ======== Loss: 0.048072244971990585
Epoch: 10 ======== Loss: 0.044825080782175064
Epoch: 11 ======== Loss: 0.04220101237297058
Epoch: 12 ======== Loss: 0.04003160446882248
Epoch: 13 ======== Loss: 0.038200944662094116
Epoch: 14 ======== Loss: 0.03663072735071182
Epoch: 15 ======== Loss: 0.0352630689740181
Epoch: 16 ======== Loss: 0.034056875854730606
Epoch: 17 ======== Loss: 0.03298013284802437
Epoch: 18 ======== Loss: 0.032010518014431
Epoch: 19 ======== Loss: 0.031129563227295876
Epoch: 20 ======== Loss: 0.030322929844260216
Epoch: 21 ======== Loss: 0.029579922556877136
Epoch: 22 ======== Loss: 0.028889881446957588
Epoch: 23 ======== Loss: 0.028245914727449417
Epoch: 24 ======== Loss: 0.027641931548714638
Epoch: 25 ======== Loss: 0.0270729660987854
  Task 1 -> Task-IL: 99.91% (NLL 0.002)
  Task 2 -> Task-IL: 96.82% (NLL 0.103)
  Task 3 -> Task-IL: 99.25% (NLL 0.017)
  Task 4 -> Task-IL: 52.77% (NLL 1.005)
  Task 5 -> Task-IL: 50.88% (NLL 1.266)

--- Training Task 4 ---
Epoch: 1 ======== Loss: 0.2505664527416229
Epoch: 2 ======== Loss: 0.0709540843963623
Epoch: 3 ======== Loss: 0.042620036751031876
Epoch: 4 ======== Loss: 0.03112969361245632
Epoch: 5 ======== Loss: 0.02491067349910736
Epoch: 6 ======== Loss: 0.021006731316447258
Epoch: 7 ======== Loss: 0.0183224156498909
Epoch: 8 ======== Loss: 0.016356969252228737
Epoch: 9 ======== Loss: 0.014850689098238945
Epoch: 10 ======== Loss: 0.013656998053193092
Epoch: 11 ======== Loss: 0.012685039080679417
Epoch: 12 ======== Loss: 0.011876974254846573
Epoch: 13 ======== Loss: 0.011193366721272469
Epoch: 14 ======== Loss: 0.010606295429170132
Epoch: 15 ======== Loss: 0.010095891542732716
Epoch: 16 ======== Loss: 0.009647375904023647
Epoch: 17 ======== Loss: 0.009249321185052395
Epoch: 18 ======== Loss: 0.008892913348972797
Epoch: 19 ======== Loss: 0.00857190415263176
Epoch: 20 ======== Loss: 0.008280882611870766
Epoch: 21 ======== Loss: 0.0080155273899436
Epoch: 22 ======== Loss: 0.00777227571234107
Epoch: 23 ======== Loss: 0.007548307068645954
Epoch: 24 ======== Loss: 0.007341182790696621
Epoch: 25 ======== Loss: 0.007148968521505594
  Task 1 -> Task-IL: 99.81% (NLL 0.002)
  Task 2 -> Task-IL: 96.62% (NLL 0.121)
  Task 3 -> Task-IL: 99.20% (NLL 0.019)
  Task 4 -> Task-IL: 99.55% (NLL 0.010)
  Task 5 -> Task-IL: 50.88% (NLL 1.633)

--- Training Task 5 ---
Epoch: 1 ======== Loss: 0.265602171421051
Epoch: 2 ======== Loss: 0.13235484063625336
Epoch: 3 ======== Loss: 0.10851976275444031
Epoch: 4 ======== Loss: 0.09621606022119522
Epoch: 5 ======== Loss: 0.0880480408668518
Epoch: 6 ======== Loss: 0.08200761675834656
Epoch: 7 ======== Loss: 0.07728206366300583
Epoch: 8 ======== Loss: 0.07344883680343628
Epoch: 9 ======== Loss: 0.07025233656167984
Epoch: 10 ======== Loss: 0.06753120571374893
Epoch: 11 ======== Loss: 0.06517506390810013
Epoch: 12 ======== Loss: 0.06310813874006271
Epoch: 13 ======== Loss: 0.061266157776117325
Epoch: 14 ======== Loss: 0.05960588529706001
Epoch: 15 ======== Loss: 0.05809295177459717
Epoch: 16 ======== Loss: 0.056706931442022324
Epoch: 17 ======== Loss: 0.05542858690023422
Epoch: 18 ======== Loss: 0.05424141883850098
Epoch: 19 ======== Loss: 0.05313305929303169
Epoch: 20 ======== Loss: 0.05209440365433693
Epoch: 21 ======== Loss: 0.05111690238118172
Epoch: 22 ======== Loss: 0.050193484872579575
Epoch: 23 ======== Loss: 0.04931812360882759
Epoch: 24 ======== Loss: 0.04848615452647209
Epoch: 25 ======== Loss: 0.04769231006503105
  Task 1 -> Task-IL: 99.91% (NLL 0.002)
  Task 2 -> Task-IL: 97.01% (NLL 0.107)
  Task 3 -> Task-IL: 99.20% (NLL 0.020)
  Task 4 -> Task-IL: 99.35% (NLL 0.014)
  Task 5 -> Task-IL: 98.13% (NLL 0.070)

=== naive ===
Task-IL  | ACC: 0.9872 | NLL: 0.0428 | BWT: -0.0031 | FWT: 0.0796 | Forgetting: 0.0031
           NLL-space | BWT: -0.0135 | BWT(best): -0.0137 | FWT: -0.2387 | Forgetting: 0.0137
           per-task NLL: 0.0021, 0.1073, 0.0204, 0.0144, 0.0697
           BCE-NLL avg: 0.0710 | per-task: 0.0064, 0.1614, 0.0454, 0.0282, 0.1134
Class-IL | ACC: 0.1966 | NLL: 7.1557 | BWT: -0.9943 | FWT: -0.1552 | Forgetting: 0.9943
           NLL-space | BWT: -8.9168 | BWT(best): -8.9168 | FWT: -10.3470 | Forgetting: 8.9168
           per-task NLL: 7.6323, 11.6179, 9.4295, 7.0582, 0.0405
Logs saved in results/naive
Plots saved in results/naive/plots
