
=== Class-IL run (CE training / softmax evaluation) ===

--- Training Task 1 ---

[PCNMethod] Task 1 | Class-IL | inference_steps=40 | eta_x=0.1 | eta_w=0.005
  Task 1 energy before training: 237.1473
  Epoch   1/25 | avg settled energy: 44.5743
  Epoch   2/25 | avg settled energy: 25.4786
  Epoch   3/25 | avg settled energy: 21.4513
  Epoch   4/25 | avg settled energy: 19.2088
  Epoch   5/25 | avg settled energy: 17.6766
  Epoch   6/25 | avg settled energy: 16.5137
  Epoch   7/25 | avg settled energy: 15.5759
  Epoch   8/25 | avg settled energy: 14.7956
  Epoch   9/25 | avg settled energy: 14.1322
  Epoch  10/25 | avg settled energy: 13.5547
  Epoch  11/25 | avg settled energy: 13.0469
  Epoch  12/25 | avg settled energy: 12.5953
  Epoch  13/25 | avg settled energy: 12.1886
  Epoch  14/25 | avg settled energy: 11.8211
  Epoch  15/25 | avg settled energy: 11.4854
  Epoch  16/25 | avg settled energy: 11.1778
  Epoch  17/25 | avg settled energy: 10.8956
  Epoch  18/25 | avg settled energy: 10.6344
  Epoch  19/25 | avg settled energy: 10.3922
  Epoch  20/25 | avg settled energy: 10.1666
  Epoch  21/25 | avg settled energy: 9.9540
  Epoch  22/25 | avg settled energy: 9.7562
  Epoch  23/25 | avg settled energy: 9.5707
  Epoch  24/25 | avg settled energy: 9.3921
  Epoch  25/25 | avg settled energy: 9.2249
  Task 1 energy after training:  9.1393
  Task 1 done. Mean train energy over epochs: 14.6105
  Task 1 -> Class-IL: 78.20% (NLL 1.659)
  Task 2 -> Class-IL: 9.06% (NLL 2.100)
  Task 3 -> Class-IL: 17.08% (NLL 2.053)
  Task 4 -> Class-IL: 7.05% (NLL 2.184)
  Task 5 -> Class-IL: 1.92% (NLL 2.227)

--- Training Task 2 ---

[PCNMethod] Task 2 | Class-IL | inference_steps=40 | eta_x=0.1 | eta_w=0.005
  Task 2 energy before training: 31.4473
  Epoch   1/25 | avg settled energy: 24.8724
  Epoch   2/25 | avg settled energy: 21.6866
  Epoch   3/25 | avg settled energy: 19.9512
  Epoch   4/25 | avg settled energy: 18.7224
  Epoch   5/25 | avg settled energy: 17.7361
  Epoch   6/25 | avg settled energy: 16.9204
  Epoch   7/25 | avg settled energy: 16.2345
  Epoch   8/25 | avg settled energy: 15.6334
  Epoch   9/25 | avg settled energy: 15.0922
  Epoch  10/25 | avg settled energy: 14.6292
  Epoch  11/25 | avg settled energy: 14.2011
  Epoch  12/25 | avg settled energy: 13.8311
  Epoch  13/25 | avg settled energy: 13.4801
  Epoch  14/25 | avg settled energy: 13.1622
  Epoch  15/25 | avg settled energy: 12.8624
  Epoch  16/25 | avg settled energy: 12.5913
  Epoch  17/25 | avg settled energy: 12.3351
  Epoch  18/25 | avg settled energy: 12.0926
  Epoch  19/25 | avg settled energy: 11.8736
  Epoch  20/25 | avg settled energy: 11.6596
  Epoch  21/25 | avg settled energy: 11.4580
  Epoch  22/25 | avg settled energy: 11.2755
  Epoch  23/25 | avg settled energy: 11.0897
  Epoch  24/25 | avg settled energy: 10.9188
  Epoch  25/25 | avg settled energy: 10.7593
  Task 2 energy after training:  10.6736
  Task 2 done. Mean train energy over epochs: 14.6027
  Task 1 -> Class-IL: 65.63% (NLL 1.901)
  Task 2 -> Class-IL: 58.23% (NLL 1.898)
  Task 3 -> Class-IL: 24.33% (NLL 2.016)
  Task 4 -> Class-IL: 4.23% (NLL 2.098)
  Task 5 -> Class-IL: 6.96% (NLL 2.084)

--- Training Task 3 ---

[PCNMethod] Task 3 | Class-IL | inference_steps=40 | eta_x=0.1 | eta_w=0.005
  Task 3 energy before training: 15.7339
  Epoch   1/25 | avg settled energy: 13.7463
  Epoch   2/25 | avg settled energy: 12.8168
  Epoch   3/25 | avg settled energy: 12.2807
  Epoch   4/25 | avg settled energy: 11.8688
  Epoch   5/25 | avg settled energy: 11.5232
  Epoch   6/25 | avg settled energy: 11.2227
  Epoch   7/25 | avg settled energy: 10.9547
  Epoch   8/25 | avg settled energy: 10.7082
  Epoch   9/25 | avg settled energy: 10.4854
  Epoch  10/25 | avg settled energy: 10.2779
  Epoch  11/25 | avg settled energy: 10.0925
  Epoch  12/25 | avg settled energy: 9.9236
  Epoch  13/25 | avg settled energy: 9.7681
  Epoch  14/25 | avg settled energy: 9.6251
  Epoch  15/25 | avg settled energy: 9.4904
  Epoch  16/25 | avg settled energy: 9.3638
  Epoch  17/25 | avg settled energy: 9.2436
  Epoch  18/25 | avg settled energy: 9.1324
  Epoch  19/25 | avg settled energy: 9.0239
  Epoch  20/25 | avg settled energy: 8.9209
  Epoch  21/25 | avg settled energy: 8.8209
  Epoch  22/25 | avg settled energy: 8.7219
  Epoch  23/25 | avg settled energy: 8.6240
  Epoch  24/25 | avg settled energy: 8.5318
  Epoch  25/25 | avg settled energy: 8.4448
  Task 3 energy after training:  8.3962
  Task 3 done. Mean train energy over epochs: 10.1445
  Task 1 -> Class-IL: 59.95% (NLL 1.957)
  Task 2 -> Class-IL: 40.70% (NLL 1.932)
  Task 3 -> Class-IL: 65.69% (NLL 1.829)
  Task 4 -> Class-IL: 6.14% (NLL 2.042)
  Task 5 -> Class-IL: 7.61% (NLL 2.044)

--- Training Task 4 ---

[PCNMethod] Task 4 | Class-IL | inference_steps=40 | eta_x=0.1 | eta_w=0.005
  Task 4 energy before training: 12.7119
  Epoch   1/25 | avg settled energy: 11.4277
  Epoch   2/25 | avg settled energy: 10.8300
  Epoch   3/25 | avg settled energy: 10.4273
  Epoch   4/25 | avg settled energy: 9.9395
  Epoch   5/25 | avg settled energy: 9.5313
  Epoch   6/25 | avg settled energy: 9.2047
  Epoch   7/25 | avg settled energy: 8.9488
  Epoch   8/25 | avg settled energy: 8.7378
  Epoch   9/25 | avg settled energy: 8.4984
  Epoch  10/25 | avg settled energy: 8.3004
  Epoch  11/25 | avg settled energy: 8.1385
  Epoch  12/25 | avg settled energy: 7.9994
  Epoch  13/25 | avg settled energy: 7.8894
  Epoch  14/25 | avg settled energy: 7.7683
  Epoch  15/25 | avg settled energy: 7.6712
  Epoch  16/25 | avg settled energy: 7.5648
  Epoch  17/25 | avg settled energy: 7.4799
  Epoch  18/25 | avg settled energy: 7.3872
  Epoch  19/25 | avg settled energy: 7.3072
  Epoch  20/25 | avg settled energy: 7.2449
  Epoch  21/25 | avg settled energy: 7.1738
  Epoch  22/25 | avg settled energy: 7.0852
  Epoch  23/25 | avg settled energy: 7.0287
  Epoch  24/25 | avg settled energy: 6.9589
  Epoch  25/25 | avg settled energy: 6.8907
  Task 4 energy after training:  6.8760
  Task 4 done. Mean train energy over epochs: 8.2974
  Task 1 -> Class-IL: 55.22% (NLL 1.989)
  Task 2 -> Class-IL: 43.88% (NLL 1.782)
  Task 3 -> Class-IL: 43.44% (NLL 1.844)
  Task 4 -> Class-IL: 73.36% (NLL 1.658)
  Task 5 -> Class-IL: 27.69% (NLL 1.960)

--- Training Task 5 ---

[PCNMethod] Task 5 | Class-IL | inference_steps=40 | eta_x=0.1 | eta_w=0.005
  Task 5 energy before training: 9.0438
  Epoch   1/25 | avg settled energy: 8.2937
  Epoch   2/25 | avg settled energy: 7.9753
  Epoch   3/25 | avg settled energy: 7.8293
  Epoch   4/25 | avg settled energy: 7.6893
  Epoch   5/25 | avg settled energy: 7.5740
  Epoch   6/25 | avg settled energy: 7.4714
  Epoch   7/25 | avg settled energy: 7.3678
  Epoch   8/25 | avg settled energy: 7.3033
  Epoch   9/25 | avg settled energy: 7.2330
  Epoch  10/25 | avg settled energy: 7.1794
  Epoch  11/25 | avg settled energy: 7.1182
  Epoch  12/25 | avg settled energy: 7.0487
  Epoch  13/25 | avg settled energy: 7.0034
  Epoch  14/25 | avg settled energy: 6.9438
  Epoch  15/25 | avg settled energy: 6.8954
  Epoch  16/25 | avg settled energy: 6.8633
  Epoch  17/25 | avg settled energy: 6.8147
  Epoch  18/25 | avg settled energy: 6.7682
  Epoch  19/25 | avg settled energy: 6.7289
  Epoch  20/25 | avg settled energy: 6.6981
  Epoch  21/25 | avg settled energy: 6.6673
  Epoch  22/25 | avg settled energy: 6.6378
  Epoch  23/25 | avg settled energy: 6.5945
  Epoch  24/25 | avg settled energy: 6.5576
  Epoch  25/25 | avg settled energy: 6.5329
  Task 5 energy after training:  6.5074
  Task 5 done. Mean train energy over epochs: 7.1116
  Task 1 -> Class-IL: 38.30% (NLL 2.580)
  Task 2 -> Class-IL: 45.40% (NLL 1.838)
  Task 3 -> Class-IL: 56.67% (NLL 1.787)
  Task 4 -> Class-IL: 77.90% (NLL 1.555)
  Task 5 -> Class-IL: 70.60% (NLL 1.847)

=== Task-IL run (BCE training / sigmoid evaluation) ===

--- Training Task 1 ---

[PCNMethod] Task 1 | Task-IL | inference_steps=40 | eta_x=0.1 | eta_w=0.005
  Task 1 energy before training: 237.1473
  Epoch   1/25 | avg settled energy: 44.5743
  Epoch   2/25 | avg settled energy: 25.4786
  Epoch   3/25 | avg settled energy: 21.4513
  Epoch   4/25 | avg settled energy: 19.2088
  Epoch   5/25 | avg settled energy: 17.6766
  Epoch   6/25 | avg settled energy: 16.5137
  Epoch   7/25 | avg settled energy: 15.5759
  Epoch   8/25 | avg settled energy: 14.7956
  Epoch   9/25 | avg settled energy: 14.1322
  Epoch  10/25 | avg settled energy: 13.5547
  Epoch  11/25 | avg settled energy: 13.0469
  Epoch  12/25 | avg settled energy: 12.5953
  Epoch  13/25 | avg settled energy: 12.1886
  Epoch  14/25 | avg settled energy: 11.8211
  Epoch  15/25 | avg settled energy: 11.4854
  Epoch  16/25 | avg settled energy: 11.1778
  Epoch  17/25 | avg settled energy: 10.8956
  Epoch  18/25 | avg settled energy: 10.6344
  Epoch  19/25 | avg settled energy: 10.3922
  Epoch  20/25 | avg settled energy: 10.1666
  Epoch  21/25 | avg settled energy: 9.9540
  Epoch  22/25 | avg settled energy: 9.7562
  Epoch  23/25 | avg settled energy: 9.5707
  Epoch  24/25 | avg settled energy: 9.3921
  Epoch  25/25 | avg settled energy: 9.2249
  Task 1 energy after training:  9.1393
  Task 1 done. Mean train energy over epochs: 14.6105
  Task 1 -> Task-IL: 99.20% (NLL 0.049)
  Task 2 -> Task-IL: 58.28% (NLL 0.685)
  Task 3 -> Task-IL: 58.80% (NLL 0.664)
  Task 4 -> Task-IL: 24.97% (NLL 0.791)
  Task 5 -> Task-IL: 37.57% (NLL 0.726)

--- Training Task 2 ---

[PCNMethod] Task 2 | Task-IL | inference_steps=40 | eta_x=0.1 | eta_w=0.005
  Task 2 energy before training: 31.4473
  Epoch   1/25 | avg settled energy: 24.8724
  Epoch   2/25 | avg settled energy: 21.6866
  Epoch   3/25 | avg settled energy: 19.9512
  Epoch   4/25 | avg settled energy: 18.7224
  Epoch   5/25 | avg settled energy: 17.7361
  Epoch   6/25 | avg settled energy: 16.9204
  Epoch   7/25 | avg settled energy: 16.2345
  Epoch   8/25 | avg settled energy: 15.6334
  Epoch   9/25 | avg settled energy: 15.0922
  Epoch  10/25 | avg settled energy: 14.6292
  Epoch  11/25 | avg settled energy: 14.2011
  Epoch  12/25 | avg settled energy: 13.8311
  Epoch  13/25 | avg settled energy: 13.4801
  Epoch  14/25 | avg settled energy: 13.1622
  Epoch  15/25 | avg settled energy: 12.8624
  Epoch  16/25 | avg settled energy: 12.5913
  Epoch  17/25 | avg settled energy: 12.3351
  Epoch  18/25 | avg settled energy: 12.0926
  Epoch  19/25 | avg settled energy: 11.8736
  Epoch  20/25 | avg settled energy: 11.6596
  Epoch  21/25 | avg settled energy: 11.4580
  Epoch  22/25 | avg settled energy: 11.2755
  Epoch  23/25 | avg settled energy: 11.0897
  Epoch  24/25 | avg settled energy: 10.9188
  Epoch  25/25 | avg settled energy: 10.7593
  Task 2 energy after training:  10.6736
  Task 2 done. Mean train energy over epochs: 14.6027
  Task 1 -> Task-IL: 99.53% (NLL 0.061)
  Task 2 -> Task-IL: 95.45% (NLL 0.320)
  Task 3 -> Task-IL: 54.96% (NLL 0.687)
  Task 4 -> Task-IL: 22.96% (NLL 0.753)
  Task 5 -> Task-IL: 43.27% (NLL 0.707)

--- Training Task 3 ---

[PCNMethod] Task 3 | Task-IL | inference_steps=40 | eta_x=0.1 | eta_w=0.005
  Task 3 energy before training: 15.7339
  Epoch   1/25 | avg settled energy: 13.7463
  Epoch   2/25 | avg settled energy: 12.8168
  Epoch   3/25 | avg settled energy: 12.2807
  Epoch   4/25 | avg settled energy: 11.8688
  Epoch   5/25 | avg settled energy: 11.5232
  Epoch   6/25 | avg settled energy: 11.2227
  Epoch   7/25 | avg settled energy: 10.9547
  Epoch   8/25 | avg settled energy: 10.7082
  Epoch   9/25 | avg settled energy: 10.4854
  Epoch  10/25 | avg settled energy: 10.2779
  Epoch  11/25 | avg settled energy: 10.0925
  Epoch  12/25 | avg settled energy: 9.9236
  Epoch  13/25 | avg settled energy: 9.7681
  Epoch  14/25 | avg settled energy: 9.6251
  Epoch  15/25 | avg settled energy: 9.4904
  Epoch  16/25 | avg settled energy: 9.3638
  Epoch  17/25 | avg settled energy: 9.2436
  Epoch  18/25 | avg settled energy: 9.1324
  Epoch  19/25 | avg settled energy: 9.0239
  Epoch  20/25 | avg settled energy: 8.9209
  Epoch  21/25 | avg settled energy: 8.8209
  Epoch  22/25 | avg settled energy: 8.7219
  Epoch  23/25 | avg settled energy: 8.6240
  Epoch  24/25 | avg settled energy: 8.5318
  Epoch  25/25 | avg settled energy: 8.4448
  Task 3 energy after training:  8.3962
  Task 3 done. Mean train energy over epochs: 10.1445
  Task 1 -> Task-IL: 99.57% (NLL 0.083)
  Task 2 -> Task-IL: 91.33% (NLL 0.374)
  Task 3 -> Task-IL: 96.80% (NLL 0.333)
  Task 4 -> Task-IL: 27.84% (NLL 0.735)
  Task 5 -> Task-IL: 56.53% (NLL 0.687)

--- Training Task 4 ---

[PCNMethod] Task 4 | Task-IL | inference_steps=40 | eta_x=0.1 | eta_w=0.005
  Task 4 energy before training: 12.7119
  Epoch   1/25 | avg settled energy: 11.4277
  Epoch   2/25 | avg settled energy: 10.8300
  Epoch   3/25 | avg settled energy: 10.4273
  Epoch   4/25 | avg settled energy: 9.9395
  Epoch   5/25 | avg settled energy: 9.5313
  Epoch   6/25 | avg settled energy: 9.2047
  Epoch   7/25 | avg settled energy: 8.9488
  Epoch   8/25 | avg settled energy: 8.7378
  Epoch   9/25 | avg settled energy: 8.4984
  Epoch  10/25 | avg settled energy: 8.3004
  Epoch  11/25 | avg settled energy: 8.1385
  Epoch  12/25 | avg settled energy: 7.9994
  Epoch  13/25 | avg settled energy: 7.8894
  Epoch  14/25 | avg settled energy: 7.7683
  Epoch  15/25 | avg settled energy: 7.6712
  Epoch  16/25 | avg settled energy: 7.5648
  Epoch  17/25 | avg settled energy: 7.4799
  Epoch  18/25 | avg settled energy: 7.3872
  Epoch  19/25 | avg settled energy: 7.3072
  Epoch  20/25 | avg settled energy: 7.2449
  Epoch  21/25 | avg settled energy: 7.1738
  Epoch  22/25 | avg settled energy: 7.0852
  Epoch  23/25 | avg settled energy: 7.0287
  Epoch  24/25 | avg settled energy: 6.9589
  Epoch  25/25 | avg settled energy: 6.8907
  Task 4 energy after training:  6.8760
  Task 4 done. Mean train energy over epochs: 8.2974
  Task 1 -> Task-IL: 96.93% (NLL 0.219)
  Task 2 -> Task-IL: 95.64% (NLL 0.361)
  Task 3 -> Task-IL: 94.61% (NLL 0.365)
  Task 4 -> Task-IL: 98.09% (NLL 0.203)
  Task 5 -> Task-IL: 55.52% (NLL 0.699)

--- Training Task 5 ---

[PCNMethod] Task 5 | Task-IL | inference_steps=40 | eta_x=0.1 | eta_w=0.005
  Task 5 energy before training: 9.0438
  Epoch   1/25 | avg settled energy: 8.2937
  Epoch   2/25 | avg settled energy: 7.9753
  Epoch   3/25 | avg settled energy: 7.8293
  Epoch   4/25 | avg settled energy: 7.6893
  Epoch   5/25 | avg settled energy: 7.5740
  Epoch   6/25 | avg settled energy: 7.4714
  Epoch   7/25 | avg settled energy: 7.3678
  Epoch   8/25 | avg settled energy: 7.3033
  Epoch   9/25 | avg settled energy: 7.2330
  Epoch  10/25 | avg settled energy: 7.1794
  Epoch  11/25 | avg settled energy: 7.1182
  Epoch  12/25 | avg settled energy: 7.0487
  Epoch  13/25 | avg settled energy: 7.0034
  Epoch  14/25 | avg settled energy: 6.9438
  Epoch  15/25 | avg settled energy: 6.8954
  Epoch  16/25 | avg settled energy: 6.8633
  Epoch  17/25 | avg settled energy: 6.8147
  Epoch  18/25 | avg settled energy: 6.7682
  Epoch  19/25 | avg settled energy: 6.7289
  Epoch  20/25 | avg settled energy: 6.6981
  Epoch  21/25 | avg settled energy: 6.6673
  Epoch  22/25 | avg settled energy: 6.6378
  Epoch  23/25 | avg settled energy: 6.5945
  Epoch  24/25 | avg settled energy: 6.5576
  Epoch  25/25 | avg settled energy: 6.5329
  Task 5 energy after training:  6.5074
  Task 5 done. Mean train energy over epochs: 7.1116
  Task 1 -> Task-IL: 87.90% (NLL 0.556)
  Task 2 -> Task-IL: 93.54% (NLL 0.359)
  Task 3 -> Task-IL: 94.56% (NLL 0.366)
  Task 4 -> Task-IL: 96.73% (NLL 0.201)
  Task 5 -> Task-IL: 93.44% (NLL 0.421)

=== pcn ===
Task-IL  | ACC: 0.9323 | NLL: 0.3807 | BWT: -0.0420 | FWT: -0.0092 | Forgetting: 0.0435
           NLL-space | BWT: -0.1440 | BWT(best): -0.1446 | FWT: 0.0190 | Forgetting: 0.1446
           per-task NLL: 0.5556, 0.3593, 0.3662, 0.2010, 0.4214
           BCE-NLL avg: 7.3947 | per-task: 7.8470, 8.8529, 7.0301, 6.9469, 6.2967
Class-IL | ACC: 0.5777 | NLL: 1.9214 | BWT: -0.1431 | FWT: 0.1080 | Forgetting: 0.1544
           NLL-space | BWT: -0.1788 | BWT(best): -0.2443 | FWT: 0.3764 | Forgetting: 0.2443
           per-task NLL: 2.5802, 1.8380, 1.7866, 1.5547, 1.8473
Logs saved in results/pcn
Plots saved in results/pcn/plots
